2024-07-15 17:32:59 - tests.conftest - INFO - PID: 167297 - Logger configurado para Pytest
2024-07-15 18:00:45 - tests.conftest - INFO - PID: 179512 - Logger configurado para Pytest
2024-07-15 18:07:23 - tests.conftest - INFO - PID: 182533 - Logger configurado para Pytest
2024-07-15 18:14:30 - tests.conftest - INFO - PID: 186499 - Logger configurado para Pytest
2024-07-15 18:15:31 - tests.conftest - INFO - PID: 186973 - Logger configurado para Pytest
2024-07-15 18:17:45 - tests.conftest - INFO - PID: 187960 - Logger configurado para Pytest
2024-07-15 18:30:18 - tests.conftest - INFO - PID: 193448 - Logger configurado para Pytest
2024-07-15 18:30:48 - tests.conftest - INFO - PID: 193766 - Logger configurado para Pytest
2024-07-15 18:31:51 - tests.conftest - INFO - PID: 194517 - Logger configurado para Pytest
2024-07-15 18:38:46 - tests.conftest - INFO - PID: 197454 - Logger configurado para Pytest
2024-07-15 18:51:04 - tests.conftest - INFO - PID: 202554 - Logger configurado para Pytest
2024-07-15 18:52:21 - tests.conftest - INFO - PID: 203135 - Logger configurado para Pytest
2024-07-15 18:54:28 - tests.conftest - INFO - PID: 204048 - Logger configurado para Pytest
2024-07-15 18:54:28 - asyncio - DEBUG - PID: 204048 - Using selector: EpollSelector
2024-08-06 13:53:09 - tests.conftest - INFO - PID: 51900 - Logger configurado para Pytest
2024-08-06 13:54:35 - tests.conftest - INFO - PID: 52945 - Logger configurado para Pytest
2024-08-06 13:56:02 - tests.conftest - INFO - PID: 53617 - Logger configurado para Pytest
2024-08-06 13:56:14 - tests.conftest - INFO - PID: 53758 - Logger configurado para Pytest
2024-08-06 13:56:31 - tests.conftest - INFO - PID: 53925 - Logger configurado para Pytest
2024-08-06 13:56:41 - tests.conftest - INFO - PID: 54054 - Logger configurado para Pytest
2024-08-06 13:57:32 - tests.conftest - INFO - PID: 54467 - Logger configurado para Pytest
2024-08-06 13:57:32 - asyncio - DEBUG - PID: 54467 - Using selector: EpollSelector
2024-08-06 13:57:52 - tests.conftest - INFO - PID: 54737 - Logger configurado para Pytest
2024-08-06 13:58:29 - tests.conftest - INFO - PID: 55096 - Logger configurado para Pytest
2024-08-06 13:58:46 - tests.conftest - INFO - PID: 55261 - Logger configurado para Pytest
2024-08-06 14:00:05 - tests.conftest - INFO - PID: 55856 - Logger configurado para Pytest
2024-08-06 14:04:42 - tests.conftest - INFO - PID: 57807 - Logger configurado para Pytest
2024-08-06 14:05:05 - tests.conftest - INFO - PID: 58028 - Logger configurado para Pytest
2024-08-06 14:13:22 - tests.conftest - INFO - PID: 62350 - Logger configurado para Pytest
2024-08-06 14:13:45 - tests.conftest - INFO - PID: 62568 - Logger configurado para Pytest
2024-08-06 14:13:56 - tests.conftest - INFO - PID: 62693 - Logger configurado para Pytest
2024-08-06 14:14:04 - tests.conftest - INFO - PID: 62790 - Logger configurado para Pytest
2024-08-06 14:26:56 - tests.conftest - INFO - PID: 68222 - Logger configurado para Pytest
2024-08-06 14:28:44 - tests.conftest - INFO - PID: 69076 - Logger configurado para Pytest
2024-08-06 14:32:30 - tests.conftest - INFO - PID: 70731 - Logger configurado para Pytest
2024-08-06 14:32:44 - tests.conftest - INFO - PID: 70885 - Logger configurado para Pytest
2024-08-06 14:32:45 - mi_logger - INFO - PID: 70885 - Instance correctly validated
2024-08-06 14:32:49 - tests.conftest - INFO - PID: 70960 - Logger configurado para Pytest
2024-08-06 14:32:49 - mi_logger - INFO - PID: 70960 - Instance correctly validated
2024-08-06 14:32:54 - tests.conftest - INFO - PID: 71038 - Logger configurado para Pytest
